#
# There is insufficient memory for the Java Runtime Environment to continue.
# Native memory allocation (mmap) failed to map 132120576 bytes. Error detail: G1 virtual space
# Possible reasons:
#   The system is out of physical RAM or swap space
#   This process is running with CompressedOops enabled, and the Java Heap may be blocking the growth of the native heap
# Possible solutions:
#   Reduce memory load on the system
#   Increase physical memory or swap space
#   Check if swap backing store is full
#   Decrease Java heap size (-Xmx/-Xms)
#   Decrease number of Java threads
#   Decrease Java thread stack sizes (-Xss)
#   Set larger code cache with -XX:ReservedCodeCacheSize=
#   JVM is running with Unscaled Compressed Oops mode in which the Java heap is
#     placed in the first 4GB address space. The Java Heap base address is the
#     maximum limit for the native heap growth. Please use -XX:HeapBaseMinAddress
#     to set the Java Heap base and to place the Java Heap above 4GB virtual address.
# This output file may be truncated or incomplete.
#
#  Out of Memory Error (os_windows.cpp:3564), pid=4596, tid=23760
#
# JRE version:  (24.0.1+9) (build )
# Java VM: Java HotSpot(TM) 64-Bit Server VM (24.0.1+9-30, mixed mode, sharing, tiered, compressed oops, compressed class ptrs, g1 gc, windows-amd64)
# No core dump will be written. Minidumps are not enabled by default on client versions of Windows
#

---------------  S U M M A R Y ------------

Command Line: --enable-native-access=ALL-UNNAMED 

Host: 11th Gen Intel(R) Core(TM) i3-1115G4 @ 3.00GHz, 4 cores, 7G,  Windows 11 , 64 bit Build 26100 (10.0.26100.8328)
Time: Sun May 17 18:42:05 2026 India Standard Time elapsed time: 0.149667 seconds (0d 0h 0m 0s)

---------------  T H R E A D  ---------------

Current thread (0x0000015b408c9f70):  JavaThread "Unknown thread" [_thread_in_vm, id=23760, stack(0x00000002c0b00000,0x00000002c0c00000) (1024K)]

Stack: [0x00000002c0b00000,0x00000002c0c00000]
Native frames: (J=compiled Java code, j=interpreted, Vv=VM code, C=native code)
V  [jvm.dll+0x730739]  (no source info available)
V  [jvm.dll+0x8d9b23]  (no source info available)
V  [jvm.dll+0x8dc00d]  (no source info available)
V  [jvm.dll+0x8dc683]  (no source info available)
V  [jvm.dll+0x2aa086]  (no source info available)
V  [jvm.dll+0x72cc65]  (no source info available)
V  [jvm.dll+0x72059a]  (no source info available)
V  [jvm.dll+0x390cea]  (no source info available)
V  [jvm.dll+0x3989f6]  (no source info available)
V  [jvm.dll+0x38523e]  (no source info available)
V  [jvm.dll+0x3854f8]  (no source info available)
V  [jvm.dll+0x35d0cc]  (no source info available)
V  [jvm.dll+0x35dd8d]  (no source info available)
V  [jvm.dll+0x89d28f]  (no source info available)
V  [jvm.dll+0x3f985d]  (no source info available)
V  [jvm.dll+0x8858e6]  (no source info available)
V  [jvm.dll+0x495f3e]  (no source info available)
V  [jvm.dll+0x497d11]  (no source info available)
C  [jli.dll+0x52a1]  (no source info available)
C  [ucrtbase.dll+0x37b0]  (no source info available)
C  [KERNEL32.DLL+0x2e957]  (no source info available)
C  [ntdll.dll+0x427c]  (no source info available)

Lock stack of current Java thread (top to bottom):


---------------  P R O C E S S  ---------------

Threads class SMR info:
_java_thread_list=0x00007ffbc521f318, length=0, elements={
}

Java Threads: ( => current thread )
Total: 0

Other Threads:
  0x0000015b40dee000 WorkerThread "GC Thread#0"                     [id=25724, stack(0x00000002c0c00000,0x00000002c0d00000) (1024K)]
  0x0000015b40e02a80 ConcurrentGCThread "G1 Main Marker"            [id=26292, stack(0x00000002c0d00000,0x00000002c0e00000) (1024K)]
  0x0000015b40e05130 WorkerThread "G1 Conc#0"                       [id=25996, stack(0x00000002c0e00000,0x00000002c0f00000) (1024K)]

[error occurred during error reporting (printing all threads), id 0xc0000005, EXCEPTION_ACCESS_VIOLATION (0xc0000005) at pc=0x00007ffbc49514ea]
VM state: not at safepoint (not fully initialized)

VM Mutex/Monitor currently owned by a thread:  ([mutex/lock_event])
[0x00007ffbc52a45b0] Heap_lock - owner thread: 0x0000015b408c9f70

Heap address: 0x0000000083200000, size: 1998 MB, Compressed Oops mode: 32-bit

CDS archive(s) mapped at: [0x0000000000000000-0x0000000000000000-0x0000000000000000), size 0, SharedBaseAddress: 0x0000000800000000, ArchiveRelocationMode: 1.
UseCompressedClassPointers 1, UseCompactObjectHeaders 0
Narrow klass pointer bits 32, Max shift 3
Narrow klass base: 0xffffffffffffffff, Narrow klass shift: -1
Encoding Range: [0xffffffffffffffff - 0x000000007fffffff), (2147483648 bytes)
Klass Range:    [0x0000000000000000 - 0x0000000000000000), (0 bytes)
Klass ID Range:  [4294967295 - 0) (1)

GC Precious Log:
 CardTable entry size: 512
 Card Set container configuration: InlinePtr #cards 5 size 8 Array Of Cards #cards 10 size 36 Howl #buckets 4 coarsen threshold 1843 Howl Bitmap #cards 512 size 80 coarsen threshold 460 Card regions per heap region 1 cards per card region 2048

Heap:
 garbage-first heap   total reserved 2045952K, committed 0K, used 0K [0x0000000083200000, 0x0000000100000000)
  region size 1024K, 0 young (0K), 0 survivors (0K)

[error occurred during error reporting (printing heap information), id 0xc0000005, EXCEPTION_ACCESS_VIOLATION (0xc0000005) at pc=0x00007ffbc4d6e3e9]
GC Heap History (0 events):
No events

Dll operation events (1 events):
Event: 0.011 Loaded shared library C:\Program Files\Java\jdk-24\bin\java.dll

Deoptimization events (0 events):
No events

Classes loaded (0 events):
No events

Classes unloaded (0 events):
No events

Classes redefined (0 events):
No events

Internal exceptions (0 events):
No events

VM Operations (0 events):
No events

Memory protections (0 events):
No events

Nmethod flushes (0 events):
No events

Events (0 events):
No events


Dynamic libraries:
0x00007ff610750000 - 0x00007ff610760000 	C:\Program Files\Java\jdk-24\bin\java.exe
0x00007ffc85860000 - 0x00007ffc85ac7000 	C:\WINDOWS\SYSTEM32\ntdll.dll
0x00007ffc84600000 - 0x00007ffc846c9000 	C:\WINDOWS\System32\KERNEL32.DLL
0x00007ffc82800000 - 0x00007ffc82bf7000 	C:\WINDOWS\System32\KERNELBASE.dll
0x00007ffc6acb0000 - 0x00007ffc6ad1c000 	C:\Program Files (x86)\K7 Computing\K7TSecurity\K7CrvrEx64.dll
0x00007ffc84830000 - 0x00007ffc848e6000 	C:\WINDOWS\System32\ADVAPI32.dll
0x00007ffc83be0000 - 0x00007ffc83c89000 	C:\WINDOWS\System32\msvcrt.dll
0x00007ffc85770000 - 0x00007ffc85817000 	C:\WINDOWS\System32\sechost.dll
0x00007ffc846d0000 - 0x00007ffc847e8000 	C:\WINDOWS\System32\RPCRT4.dll
0x00007ffc6ac20000 - 0x00007ffc6ac7c000 	C:\Program Files (x86)\K7 Computing\K7TSecurity\K7Crvr64.dll
0x00007ffc82320000 - 0x00007ffc8246b000 	C:\WINDOWS\System32\ucrtbase.dll
0x00007ffc4df50000 - 0x00007ffc4df66000 	C:\Program Files\Java\jdk-24\bin\jli.dll
0x00007ffc83810000 - 0x00007ffc839d6000 	C:\WINDOWS\System32\USER32.dll
0x00007ffc82520000 - 0x00007ffc82547000 	C:\WINDOWS\System32\win32u.dll
0x00007ffc85640000 - 0x00007ffc8566b000 	C:\WINDOWS\System32\GDI32.dll
0x00007ffc826d0000 - 0x00007ffc827fc000 	C:\WINDOWS\System32\gdi32full.dll
0x00007ffc82470000 - 0x00007ffc82513000 	C:\WINDOWS\System32\msvcp_win.dll
0x00007ffc42f30000 - 0x00007ffc42f4b000 	C:\Program Files\Java\jdk-24\bin\VCRUNTIME140.dll
0x00007ffc6f850000 - 0x00007ffc6fae2000 	C:\WINDOWS\WinSxS\amd64_microsoft.windows.common-controls_6595b64144ccf1df_6.0.26100.8457_none_3e0b2faee331e92d\COMCTL32.dll
0x00007ffc847f0000 - 0x00007ffc84822000 	C:\WINDOWS\System32\IMM32.DLL
0x00007ffc51b60000 - 0x00007ffc51b6c000 	C:\Program Files\Java\jdk-24\bin\vcruntime140_1.dll
0x00007ffc1c1c0000 - 0x00007ffc1c24e000 	C:\Program Files\Java\jdk-24\bin\msvcp140.dll
0x00007ffbc45e0000 - 0x00007ffbc5382000 	C:\Program Files\Java\jdk-24\bin\server\jvm.dll
0x00007ffc85670000 - 0x00007ffc856f0000 	C:\WINDOWS\System32\WS2_32.dll
0x00007ffc820f0000 - 0x00007ffc8214e000 	C:\WINDOWS\SYSTEM32\POWRPROF.dll
0x00007ffc7a990000 - 0x00007ffc7a9c6000 	C:\WINDOWS\SYSTEM32\WINMM.dll
0x00007ffc73340000 - 0x00007ffc7334b000 	C:\WINDOWS\SYSTEM32\VERSION.dll
0x00007ffc820d0000 - 0x00007ffc820e4000 	C:\WINDOWS\SYSTEM32\UMPDC.dll
0x00007ffc81020000 - 0x00007ffc8103b000 	C:\WINDOWS\SYSTEM32\kernel.appcore.dll
0x00007ffc4f240000 - 0x00007ffc4f24a000 	C:\Program Files\Java\jdk-24\bin\jimage.dll
0x00007ffc80180000 - 0x00007ffc803c2000 	C:\WINDOWS\SYSTEM32\DBGHELP.DLL
0x00007ffc84de0000 - 0x00007ffc85163000 	C:\WINDOWS\System32\combase.dll
0x00007ffc84ad0000 - 0x00007ffc84ba9000 	C:\WINDOWS\System32\OLEAUT32.dll
0x00007ffc68c50000 - 0x00007ffc68c8b000 	C:\WINDOWS\SYSTEM32\dbgcore.DLL
0x00007ffc82c00000 - 0x00007ffc82ca8000 	C:\WINDOWS\System32\bcryptPrimitives.dll
0x00007ffc20960000 - 0x00007ffc2097e000 	C:\Program Files\Java\jdk-24\bin\java.dll
0x00007ffc84c40000 - 0x00007ffc84dd7000 	C:\WINDOWS\System32\ole32.dll
0x00007ffc83de0000 - 0x00007ffc8454e000 	C:\WINDOWS\System32\SHELL32.dll

JVMTI agents: none

dbghelp: loaded successfully - version: 4.0.5 - missing functions: none
symbol engine: initialized successfully - sym options: 0x614 - pdb path: .;C:\Program Files\Java\jdk-24\bin;C:\WINDOWS\SYSTEM32;C:\Program Files (x86)\K7 Computing\K7TSecurity;C:\WINDOWS\WinSxS\amd64_microsoft.windows.common-controls_6595b64144ccf1df_6.0.26100.8457_none_3e0b2faee331e92d;C:\Program Files\Java\jdk-24\bin\server

VM Arguments:
jvm_args: --enable-native-access=ALL-UNNAMED 
java_command: <unknown>
java_class_path (initial): <not set>
Launcher Type: SUN_STANDARD

[Global flags]
     intx CICompilerCount                          = 3                                         {product} {ergonomic}
     uint ConcGCThreads                            = 1                                         {product} {ergonomic}
     uint G1ConcRefinementThreads                  = 4                                         {product} {ergonomic}
   size_t G1HeapRegionSize                         = 1048576                                   {product} {ergonomic}
   size_t InitialHeapSize                          = 132120576                                 {product} {ergonomic}
   size_t MarkStackSize                            = 4194304                                   {product} {ergonomic}
   size_t MarkStackSizeMax                         = 536870912                                 {product} {ergonomic}
   size_t MaxHeapSize                              = 2095054848                                {product} {ergonomic}
   size_t MinHeapDeltaBytes                        = 1048576                                   {product} {ergonomic}
   size_t MinHeapSize                              = 8388608                                   {product} {ergonomic}
    uintx NonNMethodCodeHeapSize                   = 5832704                                {pd product} {ergonomic}
    uintx NonProfiledCodeHeapSize                  = 122945536                              {pd product} {ergonomic}
    uintx ProfiledCodeHeapSize                     = 122880000                              {pd product} {ergonomic}
    uintx ReservedCodeCacheSize                    = 251658240                              {pd product} {ergonomic}
     bool SegmentedCodeCache                       = true                                      {product} {ergonomic}
   size_t SoftMaxHeapSize                          = 2095054848                             {manageable} {ergonomic}
     bool UseCompressedOops                        = true                           {product lp64_product} {ergonomic}
     bool UseG1GC                                  = true                                      {product} {ergonomic}
     bool UseLargePagesIndividualAllocation        = false                                  {pd product} {ergonomic}

Logging:
Log output configuration:
 #0: stdout all=warning uptime,level,tags foldmultilines=false
 #1: stderr all=off uptime,level,tags foldmultilines=false

Environment Variables:
PATH=c:\Users\Nikhil Sonawane\AppData\Local\Programs\cursor\resources\app\resources\helpers;C:\Program Files\Common Files\Oracle\Java\javapath;C:\WINDOWS\system32;C:\WINDOWS;C:\WINDOWS\System32\Wbem;C:\WINDOWS\System32\WindowsPowerShell\v1.0\;C:\WINDOWS\System32\OpenSSH\;C:\Program Files\Git\cmd;C:\Program Files\Apache\maven\apache-maven-3.9.11\bin;C:\Program Files\nodejs\;C:\Users\Nikhil Sonawane\AppData\Local\Microsoft\WindowsApps;C:\Users\Nikhil Sonawane\AppData\Local\Programs\Microsoft VS Code\bin;C:\Program Files\JetBrains\IntelliJ IDEA 2025.3\bin;C:\Users\Nikhil Sonawane\AppData\Local\Programs\cursor\resources\app\bin;C:\Users\Nikhil Sonawane\AppData\Roaming\npm;C:\Program Files\nodejs\;
USERNAME=Nikhil Sonawane
TERM=dumb
OS=Windows_NT
PROCESSOR_IDENTIFIER=Intel64 Family 6 Model 140 Stepping 1, GenuineIntel
TMP=C:\Users\NIKHIL~1\AppData\Local\Temp
TEMP=C:\Users\NIKHIL~1\AppData\Local\Temp




Periodic native trim disabled

---------------  S Y S T E M  ---------------

OS:
 Windows 11 , 64 bit Build 26100 (10.0.26100.8328)
OS uptime: 2 days 6:16 hours

CPU: total 4 (initial active 4) (2 cores per cpu, 2 threads per core) family 6 model 140 stepping 1 microcode 0x9a, cx8, cmov, fxsr, ht, mmx, 3dnowpref, sse, sse2, sse3, ssse3, sse4.1, sse4.2, popcnt, lzcnt, tsc, tscinvbit, avx, avx2, aes, erms, clmul, bmi1, bmi2, adx, avx512f, avx512dq, avx512cd, avx512bw, avx512vl, sha, fma, vzeroupper, avx512_vpopcntdq, avx512_vpclmulqdq, avx512_vaes, avx512_vnni, clflush, clflushopt, clwb, avx512_vbmi2, avx512_vbmi, rdtscp, rdpid, fsrm, gfni, avx512_bitalg, f16c, pku, cet_ibt, cet_ss, avx512_ifma
Processor Information for the first 4 processors :
  Max Mhz: 2995, Current Mhz: 2995, Mhz Limit: 2995

Memory: 4k page, system-wide physical 7991M (470M free)
TotalPageFile size 32567M (AvailPageFile size 2M)
current process WorkingSet (physical memory assigned to process): 14M, peak: 14M
current process commit charge ("private bytes"): 53M, peak: 178M

vm_info: Java HotSpot(TM) 64-Bit Server VM (24.0.1+9-30) for windows-amd64 JRE (24.0.1+9-30), built on 2025-03-05T07:23:45Z with MS VC++ 17.6 (VS2022)

END.
